USING tubea
INSERTED 1
INSERTED 2
INSERTED 3
INSERTED 4
INSERTED 5
INSERTED 6
WATCHING 2
CLEARED
TIMED_OUT
INSERTED 7
RESERVED 7 2
ok
