USING tubea
INSERTED 1
DELETED
OK 263
---
name: tubea
current-jobs-urgent: 0
current-jobs-ready: 0
current-jobs-reserved: 0
current-jobs-delayed: 0
current-jobs-buried: 0
total-jobs: 1
current-using: 1
current-watching: 0
current-waiting: 0
cmd-delete: 1
cmd-pause-tube: 0
pause: 0
pause-time-left: 0

OK 265
---
name: default
current-jobs-urgent: 0
current-jobs-ready: 0
current-jobs-reserved: 0
current-jobs-delayed: 0
current-jobs-buried: 0
total-jobs: 0
current-using: 0
current-watching: 1
current-waiting: 0
cmd-delete: 0
cmd-pause-tube: 0
pause: 0
pause-time-left: 0

